Hello, Bob!!
I hope you like the color green.
Args: ["foo"]